node : Error with gemini-1.5-flash: 
[GoogleGenerativeAI Error]: Error fetching from 
https://generativelanguage.googleapis.com/v1beta
/models/gemini-1.5-flash:generateContent: [404 
Not Found] models/gemini-1.5-flash is not found 
for API version v1beta, or is not supported for 
generateContent. Call ListModels to see the 
list of available models and their supported 
methods.
At line:1 char:1
+ node test_gemini.js > test_output.txt 2>&1
+ ~~~~~~~~~~~~~~~~~~~~~~~~~~~~~~~~~~~~~~~~~~
    + CategoryInfo          : NotSpecified: (Er 
   ror with gemi...ported methods.:String) [],  
   RemoteException
    + FullyQualifiedErrorId : NativeCommandErro 
   r
 
Error with gemini-1.5-flash-latest: 
[GoogleGenerativeAI Error]: Error fetching from 
https://generativelanguage.googleapis.com/v1beta
/models/gemini-1.5-flash-latest:generateContent:
 [404 Not Found] models/gemini-1.5-flash-latest 
is not found for API version v1beta, or is not 
supported for generateContent. Call ListModels 
to see the list of available models and their 
supported methods.
Error with gemini-1.5-pro: [GoogleGenerativeAI 
Error]: Error fetching from https://generativela
nguage.googleapis.com/v1beta/models/gemini-1.5-p
ro:generateContent: [404 Not Found] 
models/gemini-1.5-pro is not found for API 
version v1beta, or is not supported for 
generateContent. Call ListModels to see the 
list of available models and their supported 
methods.
